// Jest Snapshot v1, https://goo.gl/fbAQLP

exports[`should return the correct info 1`] = `
{
  "externals": [
    {
      "devUrl": "https://unpkg.com/react@18.2.0/umd/react.development.js",
      "global": "React",
      "name": "react",
      "url": "https://unpkg.com/react@18.2.0/umd/react.production.min.js",
    },
    {
      "devUrl": "https://unpkg.com/react-dom@18.2.0/umd/react-dom.development.js",
      "global": "ReactDOM",
      "name": "react-dom",
      "url": "https://unpkg.com/react-dom@18.2.0/umd/react-dom.production.min.js",
    },
  ],
  "type": "oc-template-typescript-react",
}
`;
