exports[`when invoking getInfo() should return the list of dependencies 1`] = `
Object {
  "babel-core": "^6.23.1",
  "babel-loader": "^6.3.2",
  "babel-preset-babili": "0.0.11",
  "babel-preset-es2015": "^6.22.0",
  "babel-preset-react": "^6.23.0",
  "babili-webpack-plugin": "0.0.10",
  "fs-extra": "^2.0.0",
  "memory-fs": "^0.4.1",
  "react": "^15.4.2",
  "react-dom": "^15.4.2",
  "uuid": "^3.0.1",
  "webpack": "^2.2.1",
}
`;

exports[`when invoking getInfo() should return the list of dependencies 2`] = `
Array [
  Object {
    "global": "React",
    "url": "https://cdnjs.cloudflare.com/ajax/libs/react/15.4.2/react.min.js",
  },
  Object {
    "global": "ReactDOM",
    "url": "https://cdnjs.cloudflare.com/ajax/libs/react/15.4.2/react-dom.min.js",
  },
]
`;
