// Jest Snapshot v1, https://goo.gl/fbAQLP

exports[`Happy path 1`] = `
Object {
  "devDependencies": Object {
    "oc-template-react-compiler": "*",
  },
  "name": "react-component",
  "oc": Object {
    "date": "",
    "files": Object {
      "dataProvider": Object {
        "hashKey": "598f340daebfe2105a4423dc97c2aa86458f633e",
        "src": "server.js",
        "type": "node.js",
      },
      "static": Array [
        "assets",
      ],
      "template": Object {
        "hashKey": "f9772db3612c9fdc7081fa499e2e29441ceb37d7",
        "src": "template.js",
        "type": "oc-template-react",
        "version": "",
      },
    },
    "packaged": true,
    "version": "1.0.0",
  },
  "version": "1.0.0",
}
`;

exports[`Happy path 2`] = `
Array [
  Object {
    "path": "../../../mocks/react-component/_compile-tests-package1/assets/img/test.png",
    "source": "img-binary",
  },
  Object {
    "path": "../../../mocks/react-component/_compile-tests-package1/assets/js/lib.js",
    "source": "const text = \\"Hello World\\";
const say = something => console.log(something);
say(text);
",
  },
  Object {
    "path": "../../../mocks/react-component/_compile-tests-package1/package.json",
    "source": "{\\"name\\":\\"react-component\\",\\"version\\":\\"1.0.0\\",\\"oc\\":{\\"files\\":{\\"static\\":[\\"assets\\"],\\"template\\":{\\"type\\":\\"oc-template-react\\",\\"hashKey\\":\\"f9772db3612c9fdc7081fa499e2e29441ceb37d7\\",\\"src\\":\\"template.js\\",\\"version\\":\\"6.6.6\\"},\\"dataProvider\\":{\\"type\\":\\"node.js\\",\\"hashKey\\":\\"598f340daebfe2105a4423dc97c2aa86458f633e\\",\\"src\\":\\"server.js\\"}},\\"version\\":\\"1.0.0\\",\\"packaged\\":true,},\\"devDependencies\\":{\\"oc-template-react-compiler\\":\\"*\\"}}
",
  },
  Object {
    "path": "../../../mocks/react-component/_compile-tests-package1/react-component.js",
    "source": "var oc=oc||{};oc.reactComponents=oc.reactComponents||{};oc.reactComponents['117f29b697bc046773fba23e1334e361498fb70c']=oc.reactComponents['117f29b697bc046773fba23e1334e361498fb70c']||(function(){var module = (function(a){function b(d){if(c[d])return c[d].exports;var e=c[d]={i:d,l:!1,exports:{}};return a[d].call(e.exports,e,e.exports,b),e.l=!0,e.exports}var c={};return b.m=a,b.c=c,b.d=function(a,c,d){b.o(a,c)||Object.defineProperty(a,c,{configurable:!1,enumerable:!0,get:d})},b.n=function(a){var c=a&&a.__esModule?function(){return a['default']}:function(){return a};return b.d(c,'a',c),c},b.o=function(a,b){return Object.prototype.hasOwnProperty.call(a,b)},b.p='',b(b.s=0)})([function(a,b,c){'use strict';Object.defineProperty(b,'__esModule',{value:!0});var d=c(1),e=function(a){return a&&a.__esModule?a:{default:a}}(d);b.default=function(){return e.default.createElement('div',null,'Hello')}},function(a){a.exports=React}]);; return module.default}())",
  },
  Object {
    "path": "../../../mocks/react-component/_compile-tests-package1/server.js",
    "source": "module.exports=function(a){function b(d){if(c[d])return c[d].exports;var e=c[d]={i:d,l:!1,exports:{}};return a[d].call(e.exports,e,e.exports,b),e.l=!0,e.exports}var c={};return b.m=a,b.c=c,b.d=function(a,c,d){b.o(a,c)||Object.defineProperty(a,c,{configurable:!1,enumerable:!0,get:d})},b.n=function(a){var c=a&&a.__esModule?function(){return a['default']}:function(){return a};return b.d(c,'a',c),c},b.o=function(a,b){return Object.prototype.hasOwnProperty.call(a,b)},b.p='',b(b.s=0)}([function(a,b,c){'use strict';Object.defineProperty(b,'__esModule',{value:!0});var d=c(1);b.data=(a,b)=>{Object(d.a)(a,(c,d)=>{if(c)return b(c);const e=Object.assign({},d,{staticPath:a.staticPath,baseUrl:a.baseUrl}),f=a.env&&'local'===a.env.name?a.staticPath:'https:'+a.staticPath;return b(null,Object.assign({},{reactComponent:{key:'117f29b697bc046773fba23e1334e361498fb70c',src:f+'react-component.js',props:e}}))})}},function(a,b){'use strict';b.a=(a,b)=>{const c=a.params.name;return b(null,{name:c})}}]);",
  },
  Object {
    "path": "../../../mocks/react-component/_compile-tests-package1/template.js",
    "source": "var oc=oc||{};oc.components=oc.components||{};oc.components['f9772db3612c9fdc7081fa499e2e29441ceb37d7']=function(model){ return \`<div id=\\"666\\">\${ model.__html ? model.__html : '' }</div> <style>null</style> <script> oc.require( ['oc', 'reactComponents', '117f29b697bc046773fba23e1334e361498fb70c'], '\${model.reactComponent.props.staticPath}react-component.js', function(ReactComponent){ var targetNode = document.getElementById(\\"666\\"); targetNode.setAttribute(\\"id\\",\\"\\"); ReactDOM.render(React.createElement(ReactComponent, \${JSON.stringify(model.reactComponent.props)}),targetNode); } ); </script> \`; }",
  },
]
`;

exports[`Happy path 3`] = `
Object {
  "devDependencies": Object {
    "oc-template-react-compiler": "*",
  },
  "name": "react-component-with-css",
  "oc": Object {
    "date": "",
    "files": Object {
      "dataProvider": Object {
        "hashKey": "cc8255ce0be627dbb5f891b58dc8769d7521ab82",
        "src": "server.js",
        "type": "node.js",
      },
      "static": Array [
        "assets",
      ],
      "template": Object {
        "hashKey": "4f7e4d4e2c2a943369a6e699066aa111c11096c3",
        "src": "template.js",
        "type": "oc-template-react",
        "version": "",
      },
    },
    "packaged": true,
    "version": "1.0.0",
  },
  "version": "1.0.0",
}
`;

exports[`Happy path 4`] = `
Array [
  Object {
    "path": "../../../mocks/react-component-with-css/_compile-tests-package1/assets/img/test.png",
    "source": "img-binary",
  },
  Object {
    "path": "../../../mocks/react-component-with-css/_compile-tests-package1/assets/js/lib.js",
    "source": "const text = \\"Hello World\\";
const say = something => console.log(something);
say(text);
",
  },
  Object {
    "path": "../../../mocks/react-component-with-css/_compile-tests-package1/package.json",
    "source": "{\\"name\\":\\"react-component-with-css\\",\\"version\\":\\"1.0.0\\",\\"oc\\":{\\"files\\":{\\"static\\":[\\"assets\\"],\\"template\\":{\\"type\\":\\"oc-template-react\\",\\"hashKey\\":\\"4f7e4d4e2c2a943369a6e699066aa111c11096c3\\",\\"src\\":\\"template.js\\",\\"version\\":\\"6.6.6\\"},\\"dataProvider\\":{\\"type\\":\\"node.js\\",\\"hashKey\\":\\"cc8255ce0be627dbb5f891b58dc8769d7521ab82\\",\\"src\\":\\"server.js\\"}},\\"version\\":\\"1.0.0\\",\\"packaged\\":true,},\\"devDependencies\\":{\\"oc-template-react-compiler\\":\\"*\\"}}
",
  },
  Object {
    "path": "../../../mocks/react-component-with-css/_compile-tests-package1/react-component.js",
    "source": "var oc=oc||{};oc.reactComponents=oc.reactComponents||{};oc.reactComponents['071477b56e5971c97fd6b8e005f2427daf452401']=oc.reactComponents['071477b56e5971c97fd6b8e005f2427daf452401']||(function(){var module = (function(a){function b(d){if(c[d])return c[d].exports;var e=c[d]={i:d,l:!1,exports:{}};return a[d].call(e.exports,e,e.exports,b),e.l=!0,e.exports}var c={};return b.m=a,b.c=c,b.d=function(a,c,d){b.o(a,c)||Object.defineProperty(a,c,{configurable:!1,enumerable:!0,get:d})},b.n=function(a){var c=a&&a.__esModule?function(){return a['default']}:function(){return a};return b.d(c,'a',c),c},b.o=function(a,b){return Object.prototype.hasOwnProperty.call(a,b)},b.p='',b(b.s=0)})([function(a,b,c){'use strict';function d(a){return a&&a.__esModule?a:{default:a}}Object.defineProperty(b,'__esModule',{value:!0});var e=c(1),f=d(e),g=c(2),h=d(g);b.default=function(){return f.default.createElement('div',{className:h.default.awesome},'Hello')}},function(a){a.exports=React},function(a){a.exports={awesome:'awesome__2lltUggH'}}]);; return module.default}())",
  },
  Object {
    "path": "../../../mocks/react-component-with-css/_compile-tests-package1/server.js",
    "source": "module.exports=function(a){function b(d){if(c[d])return c[d].exports;var e=c[d]={i:d,l:!1,exports:{}};return a[d].call(e.exports,e,e.exports,b),e.l=!0,e.exports}var c={};return b.m=a,b.c=c,b.d=function(a,c,d){b.o(a,c)||Object.defineProperty(a,c,{configurable:!1,enumerable:!0,get:d})},b.n=function(a){var c=a&&a.__esModule?function(){return a['default']}:function(){return a};return b.d(c,'a',c),c},b.o=function(a,b){return Object.prototype.hasOwnProperty.call(a,b)},b.p='',b(b.s=0)}([function(a,b,c){'use strict';Object.defineProperty(b,'__esModule',{value:!0});var d=c(1);b.data=(a,b)=>{Object(d.a)(a,(c,d)=>{if(c)return b(c);const e=Object.assign({},d,{staticPath:a.staticPath,baseUrl:a.baseUrl}),f=a.env&&'local'===a.env.name?a.staticPath:'https:'+a.staticPath;return b(null,Object.assign({},{reactComponent:{key:'071477b56e5971c97fd6b8e005f2427daf452401',src:f+'react-component.js',props:e}}))})}},function(a,b){'use strict';b.a=(a,b)=>{const c=a.params.name;return b(null,{name:c})}}]);",
  },
  Object {
    "path": "../../../mocks/react-component-with-css/_compile-tests-package1/styles.css",
    "source": ".awesome__2lltUggH{background:#db7093}",
  },
  Object {
    "path": "../../../mocks/react-component-with-css/_compile-tests-package1/template.js",
    "source": "var oc=oc||{};oc.components=oc.components||{};oc.components['4f7e4d4e2c2a943369a6e699066aa111c11096c3']=function(model){ return \`<div id=\\"666\\">\${ model.__html ? model.__html : '' }</div> <style>.awesome__2lltUggH{background:#db7093}</style> <script> oc.require( ['oc', 'reactComponents', '071477b56e5971c97fd6b8e005f2427daf452401'], '\${model.reactComponent.props.staticPath}react-component.js', function(ReactComponent){ var targetNode = document.getElementById(\\"666\\"); targetNode.setAttribute(\\"id\\",\\"\\"); ReactDOM.render(React.createElement(ReactComponent, \${JSON.stringify(model.reactComponent.props)}),targetNode); } ); </script> \`; }",
  },
]
`;

exports[`Should handle empty static folder 1`] = `
Object {
  "devDependencies": Object {
    "oc-template-react-compiler": "*",
  },
  "name": "react-component",
  "oc": Object {
    "date": "",
    "files": Object {
      "dataProvider": Object {
        "hashKey": "598f340daebfe2105a4423dc97c2aa86458f633e",
        "src": "server.js",
        "type": "node.js",
      },
      "static": Array [],
      "template": Object {
        "hashKey": "f9772db3612c9fdc7081fa499e2e29441ceb37d7",
        "src": "template.js",
        "type": "oc-template-react",
        "version": "",
      },
    },
    "packaged": true,
    "version": "1.0.0",
  },
  "version": "1.0.0",
}
`;

exports[`Should handle empty static folder 2`] = `
Array [
  Object {
    "path": "../../../mocks/react-component/_compile-tests-package2/package.json",
    "source": "{\\"name\\":\\"react-component\\",\\"version\\":\\"1.0.0\\",\\"oc\\":{\\"files\\":{\\"template\\":{\\"type\\":\\"oc-template-react\\",\\"hashKey\\":\\"f9772db3612c9fdc7081fa499e2e29441ceb37d7\\",\\"src\\":\\"template.js\\",\\"version\\":\\"6.6.6\\"},\\"dataProvider\\":{\\"type\\":\\"node.js\\",\\"hashKey\\":\\"598f340daebfe2105a4423dc97c2aa86458f633e\\",\\"src\\":\\"server.js\\"},\\"static\\":[]},\\"version\\":\\"1.0.0\\",\\"packaged\\":true,},\\"devDependencies\\":{\\"oc-template-react-compiler\\":\\"*\\"}}
",
  },
  Object {
    "path": "../../../mocks/react-component/_compile-tests-package2/react-component.js",
    "source": "var oc=oc||{};oc.reactComponents=oc.reactComponents||{};oc.reactComponents['117f29b697bc046773fba23e1334e361498fb70c']=oc.reactComponents['117f29b697bc046773fba23e1334e361498fb70c']||(function(){var module = (function(a){function b(d){if(c[d])return c[d].exports;var e=c[d]={i:d,l:!1,exports:{}};return a[d].call(e.exports,e,e.exports,b),e.l=!0,e.exports}var c={};return b.m=a,b.c=c,b.d=function(a,c,d){b.o(a,c)||Object.defineProperty(a,c,{configurable:!1,enumerable:!0,get:d})},b.n=function(a){var c=a&&a.__esModule?function(){return a['default']}:function(){return a};return b.d(c,'a',c),c},b.o=function(a,b){return Object.prototype.hasOwnProperty.call(a,b)},b.p='',b(b.s=0)})([function(a,b,c){'use strict';Object.defineProperty(b,'__esModule',{value:!0});var d=c(1),e=function(a){return a&&a.__esModule?a:{default:a}}(d);b.default=function(){return e.default.createElement('div',null,'Hello')}},function(a){a.exports=React}]);; return module.default}())",
  },
  Object {
    "path": "../../../mocks/react-component/_compile-tests-package2/server.js",
    "source": "module.exports=function(a){function b(d){if(c[d])return c[d].exports;var e=c[d]={i:d,l:!1,exports:{}};return a[d].call(e.exports,e,e.exports,b),e.l=!0,e.exports}var c={};return b.m=a,b.c=c,b.d=function(a,c,d){b.o(a,c)||Object.defineProperty(a,c,{configurable:!1,enumerable:!0,get:d})},b.n=function(a){var c=a&&a.__esModule?function(){return a['default']}:function(){return a};return b.d(c,'a',c),c},b.o=function(a,b){return Object.prototype.hasOwnProperty.call(a,b)},b.p='',b(b.s=0)}([function(a,b,c){'use strict';Object.defineProperty(b,'__esModule',{value:!0});var d=c(1);b.data=(a,b)=>{Object(d.a)(a,(c,d)=>{if(c)return b(c);const e=Object.assign({},d,{staticPath:a.staticPath,baseUrl:a.baseUrl}),f=a.env&&'local'===a.env.name?a.staticPath:'https:'+a.staticPath;return b(null,Object.assign({},{reactComponent:{key:'117f29b697bc046773fba23e1334e361498fb70c',src:f+'react-component.js',props:e}}))})}},function(a,b){'use strict';b.a=(a,b)=>{const c=a.params.name;return b(null,{name:c})}}]);",
  },
  Object {
    "path": "../../../mocks/react-component/_compile-tests-package2/template.js",
    "source": "var oc=oc||{};oc.components=oc.components||{};oc.components['f9772db3612c9fdc7081fa499e2e29441ceb37d7']=function(model){ return \`<div id=\\"666\\">\${ model.__html ? model.__html : '' }</div> <style>null</style> <script> oc.require( ['oc', 'reactComponents', '117f29b697bc046773fba23e1334e361498fb70c'], '\${model.reactComponent.props.staticPath}react-component.js', function(ReactComponent){ var targetNode = document.getElementById(\\"666\\"); targetNode.setAttribute(\\"id\\",\\"\\"); ReactDOM.render(React.createElement(ReactComponent, \${JSON.stringify(model.reactComponent.props)}),targetNode); } ); </script> \`; }",
  },
]
`;

exports[`Should handle empty static folder 3`] = `
Object {
  "devDependencies": Object {
    "oc-template-react-compiler": "*",
  },
  "name": "react-component-with-css",
  "oc": Object {
    "date": "",
    "files": Object {
      "dataProvider": Object {
        "hashKey": "cc8255ce0be627dbb5f891b58dc8769d7521ab82",
        "src": "server.js",
        "type": "node.js",
      },
      "static": Array [],
      "template": Object {
        "hashKey": "4f7e4d4e2c2a943369a6e699066aa111c11096c3",
        "src": "template.js",
        "type": "oc-template-react",
        "version": "",
      },
    },
    "packaged": true,
    "version": "1.0.0",
  },
  "version": "1.0.0",
}
`;

exports[`Should handle empty static folder 4`] = `
Array [
  Object {
    "path": "../../../mocks/react-component-with-css/_compile-tests-package2/package.json",
    "source": "{\\"name\\":\\"react-component-with-css\\",\\"version\\":\\"1.0.0\\",\\"oc\\":{\\"files\\":{\\"template\\":{\\"type\\":\\"oc-template-react\\",\\"hashKey\\":\\"4f7e4d4e2c2a943369a6e699066aa111c11096c3\\",\\"src\\":\\"template.js\\",\\"version\\":\\"6.6.6\\"},\\"dataProvider\\":{\\"type\\":\\"node.js\\",\\"hashKey\\":\\"cc8255ce0be627dbb5f891b58dc8769d7521ab82\\",\\"src\\":\\"server.js\\"},\\"static\\":[]},\\"version\\":\\"1.0.0\\",\\"packaged\\":true,},\\"devDependencies\\":{\\"oc-template-react-compiler\\":\\"*\\"}}
",
  },
  Object {
    "path": "../../../mocks/react-component-with-css/_compile-tests-package2/react-component.js",
    "source": "var oc=oc||{};oc.reactComponents=oc.reactComponents||{};oc.reactComponents['071477b56e5971c97fd6b8e005f2427daf452401']=oc.reactComponents['071477b56e5971c97fd6b8e005f2427daf452401']||(function(){var module = (function(a){function b(d){if(c[d])return c[d].exports;var e=c[d]={i:d,l:!1,exports:{}};return a[d].call(e.exports,e,e.exports,b),e.l=!0,e.exports}var c={};return b.m=a,b.c=c,b.d=function(a,c,d){b.o(a,c)||Object.defineProperty(a,c,{configurable:!1,enumerable:!0,get:d})},b.n=function(a){var c=a&&a.__esModule?function(){return a['default']}:function(){return a};return b.d(c,'a',c),c},b.o=function(a,b){return Object.prototype.hasOwnProperty.call(a,b)},b.p='',b(b.s=0)})([function(a,b,c){'use strict';function d(a){return a&&a.__esModule?a:{default:a}}Object.defineProperty(b,'__esModule',{value:!0});var e=c(1),f=d(e),g=c(2),h=d(g);b.default=function(){return f.default.createElement('div',{className:h.default.awesome},'Hello')}},function(a){a.exports=React},function(a){a.exports={awesome:'awesome__2lltUggH'}}]);; return module.default}())",
  },
  Object {
    "path": "../../../mocks/react-component-with-css/_compile-tests-package2/server.js",
    "source": "module.exports=function(a){function b(d){if(c[d])return c[d].exports;var e=c[d]={i:d,l:!1,exports:{}};return a[d].call(e.exports,e,e.exports,b),e.l=!0,e.exports}var c={};return b.m=a,b.c=c,b.d=function(a,c,d){b.o(a,c)||Object.defineProperty(a,c,{configurable:!1,enumerable:!0,get:d})},b.n=function(a){var c=a&&a.__esModule?function(){return a['default']}:function(){return a};return b.d(c,'a',c),c},b.o=function(a,b){return Object.prototype.hasOwnProperty.call(a,b)},b.p='',b(b.s=0)}([function(a,b,c){'use strict';Object.defineProperty(b,'__esModule',{value:!0});var d=c(1);b.data=(a,b)=>{Object(d.a)(a,(c,d)=>{if(c)return b(c);const e=Object.assign({},d,{staticPath:a.staticPath,baseUrl:a.baseUrl}),f=a.env&&'local'===a.env.name?a.staticPath:'https:'+a.staticPath;return b(null,Object.assign({},{reactComponent:{key:'071477b56e5971c97fd6b8e005f2427daf452401',src:f+'react-component.js',props:e}}))})}},function(a,b){'use strict';b.a=(a,b)=>{const c=a.params.name;return b(null,{name:c})}}]);",
  },
  Object {
    "path": "../../../mocks/react-component-with-css/_compile-tests-package2/styles.css",
    "source": ".awesome__2lltUggH{background:#db7093}",
  },
  Object {
    "path": "../../../mocks/react-component-with-css/_compile-tests-package2/template.js",
    "source": "var oc=oc||{};oc.components=oc.components||{};oc.components['4f7e4d4e2c2a943369a6e699066aa111c11096c3']=function(model){ return \`<div id=\\"666\\">\${ model.__html ? model.__html : '' }</div> <style>.awesome__2lltUggH{background:#db7093}</style> <script> oc.require( ['oc', 'reactComponents', '071477b56e5971c97fd6b8e005f2427daf452401'], '\${model.reactComponent.props.staticPath}react-component.js', function(ReactComponent){ var targetNode = document.getElementById(\\"666\\"); targetNode.setAttribute(\\"id\\",\\"\\"); ReactDOM.render(React.createElement(ReactComponent, \${JSON.stringify(model.reactComponent.props)}),targetNode); } ); </script> \`; }",
  },
]
`;

exports[`Should handle server.js-less components 1`] = `
Object {
  "devDependencies": Object {
    "oc-template-react-compiler": "*",
  },
  "name": "react-component",
  "oc": Object {
    "date": "",
    "files": Object {
      "static": Array [
        "assets",
      ],
      "template": Object {
        "hashKey": "f9772db3612c9fdc7081fa499e2e29441ceb37d7",
        "src": "template.js",
        "type": "oc-template-react",
        "version": "",
      },
    },
    "packaged": true,
    "version": "1.0.0",
  },
  "version": "1.0.0",
}
`;

exports[`Should handle server.js-less components 2`] = `
Array [
  Object {
    "path": "../../../mocks/react-component/_compile-tests-package4/assets/img/test.png",
    "source": "img-binary",
  },
  Object {
    "path": "../../../mocks/react-component/_compile-tests-package4/assets/js/lib.js",
    "source": "const text = \\"Hello World\\";
const say = something => console.log(something);
say(text);
",
  },
  Object {
    "path": "../../../mocks/react-component/_compile-tests-package4/package.json",
    "source": "{\\"name\\":\\"react-component\\",\\"version\\":\\"1.0.0\\",\\"oc\\":{\\"files\\":{\\"static\\":[\\"assets\\"],\\"template\\":{\\"type\\":\\"oc-template-react\\",\\"hashKey\\":\\"f9772db3612c9fdc7081fa499e2e29441ceb37d7\\",\\"src\\":\\"template.js\\",\\"version\\":\\"6.6.6\\"}},\\"version\\":\\"1.0.0\\",\\"packaged\\":true,},\\"devDependencies\\":{\\"oc-template-react-compiler\\":\\"*\\"}}
",
  },
  Object {
    "path": "../../../mocks/react-component/_compile-tests-package4/react-component.js",
    "source": "var oc=oc||{};oc.reactComponents=oc.reactComponents||{};oc.reactComponents['117f29b697bc046773fba23e1334e361498fb70c']=oc.reactComponents['117f29b697bc046773fba23e1334e361498fb70c']||(function(){var module = (function(a){function b(d){if(c[d])return c[d].exports;var e=c[d]={i:d,l:!1,exports:{}};return a[d].call(e.exports,e,e.exports,b),e.l=!0,e.exports}var c={};return b.m=a,b.c=c,b.d=function(a,c,d){b.o(a,c)||Object.defineProperty(a,c,{configurable:!1,enumerable:!0,get:d})},b.n=function(a){var c=a&&a.__esModule?function(){return a['default']}:function(){return a};return b.d(c,'a',c),c},b.o=function(a,b){return Object.prototype.hasOwnProperty.call(a,b)},b.p='',b(b.s=0)})([function(a,b,c){'use strict';Object.defineProperty(b,'__esModule',{value:!0});var d=c(1),e=function(a){return a&&a.__esModule?a:{default:a}}(d);b.default=function(){return e.default.createElement('div',null,'Hello')}},function(a){a.exports=React}]);; return module.default}())",
  },
  Object {
    "path": "../../../mocks/react-component/_compile-tests-package4/template.js",
    "source": "var oc=oc||{};oc.components=oc.components||{};oc.components['f9772db3612c9fdc7081fa499e2e29441ceb37d7']=function(model){ return \`<div id=\\"666\\">\${ model.__html ? model.__html : '' }</div> <style>null</style> <script> oc.require( ['oc', 'reactComponents', '117f29b697bc046773fba23e1334e361498fb70c'], '\${model.reactComponent.props.staticPath}react-component.js', function(ReactComponent){ var targetNode = document.getElementById(\\"666\\"); targetNode.setAttribute(\\"id\\",\\"\\"); ReactDOM.render(React.createElement(ReactComponent, \${JSON.stringify(model.reactComponent.props)}),targetNode); } ); </script> \`; }",
  },
]
`;

exports[`Should handle server.js-less components 3`] = `
Object {
  "devDependencies": Object {
    "oc-template-react-compiler": "*",
  },
  "name": "react-component-with-css",
  "oc": Object {
    "date": "",
    "files": Object {
      "static": Array [
        "assets",
      ],
      "template": Object {
        "hashKey": "4f7e4d4e2c2a943369a6e699066aa111c11096c3",
        "src": "template.js",
        "type": "oc-template-react",
        "version": "",
      },
    },
    "packaged": true,
    "version": "1.0.0",
  },
  "version": "1.0.0",
}
`;

exports[`Should handle server.js-less components 4`] = `
Array [
  Object {
    "path": "../../../mocks/react-component-with-css/_compile-tests-package4/assets/img/test.png",
    "source": "img-binary",
  },
  Object {
    "path": "../../../mocks/react-component-with-css/_compile-tests-package4/assets/js/lib.js",
    "source": "const text = \\"Hello World\\";
const say = something => console.log(something);
say(text);
",
  },
  Object {
    "path": "../../../mocks/react-component-with-css/_compile-tests-package4/package.json",
    "source": "{\\"name\\":\\"react-component-with-css\\",\\"version\\":\\"1.0.0\\",\\"oc\\":{\\"files\\":{\\"static\\":[\\"assets\\"],\\"template\\":{\\"type\\":\\"oc-template-react\\",\\"hashKey\\":\\"4f7e4d4e2c2a943369a6e699066aa111c11096c3\\",\\"src\\":\\"template.js\\",\\"version\\":\\"6.6.6\\"}},\\"version\\":\\"1.0.0\\",\\"packaged\\":true,},\\"devDependencies\\":{\\"oc-template-react-compiler\\":\\"*\\"}}
",
  },
  Object {
    "path": "../../../mocks/react-component-with-css/_compile-tests-package4/react-component.js",
    "source": "var oc=oc||{};oc.reactComponents=oc.reactComponents||{};oc.reactComponents['071477b56e5971c97fd6b8e005f2427daf452401']=oc.reactComponents['071477b56e5971c97fd6b8e005f2427daf452401']||(function(){var module = (function(a){function b(d){if(c[d])return c[d].exports;var e=c[d]={i:d,l:!1,exports:{}};return a[d].call(e.exports,e,e.exports,b),e.l=!0,e.exports}var c={};return b.m=a,b.c=c,b.d=function(a,c,d){b.o(a,c)||Object.defineProperty(a,c,{configurable:!1,enumerable:!0,get:d})},b.n=function(a){var c=a&&a.__esModule?function(){return a['default']}:function(){return a};return b.d(c,'a',c),c},b.o=function(a,b){return Object.prototype.hasOwnProperty.call(a,b)},b.p='',b(b.s=0)})([function(a,b,c){'use strict';function d(a){return a&&a.__esModule?a:{default:a}}Object.defineProperty(b,'__esModule',{value:!0});var e=c(1),f=d(e),g=c(2),h=d(g);b.default=function(){return f.default.createElement('div',{className:h.default.awesome},'Hello')}},function(a){a.exports=React},function(a){a.exports={awesome:'awesome__2lltUggH'}}]);; return module.default}())",
  },
  Object {
    "path": "../../../mocks/react-component-with-css/_compile-tests-package4/styles.css",
    "source": ".awesome__2lltUggH{background:#db7093}",
  },
  Object {
    "path": "../../../mocks/react-component-with-css/_compile-tests-package4/template.js",
    "source": "var oc=oc||{};oc.components=oc.components||{};oc.components['4f7e4d4e2c2a943369a6e699066aa111c11096c3']=function(model){ return \`<div id=\\"666\\">\${ model.__html ? model.__html : '' }</div> <style>.awesome__2lltUggH{background:#db7093}</style> <script> oc.require( ['oc', 'reactComponents', '071477b56e5971c97fd6b8e005f2427daf452401'], '\${model.reactComponent.props.staticPath}react-component.js', function(ReactComponent){ var targetNode = document.getElementById(\\"666\\"); targetNode.setAttribute(\\"id\\",\\"\\"); ReactDOM.render(React.createElement(ReactComponent, \${JSON.stringify(model.reactComponent.props)}),targetNode); } ); </script> \`; }",
  },
]
`;

exports[`Should normalise stringified static folder 1`] = `
Object {
  "devDependencies": Object {
    "oc-template-react-compiler": "*",
  },
  "name": "react-component",
  "oc": Object {
    "date": "",
    "files": Object {
      "dataProvider": Object {
        "hashKey": "598f340daebfe2105a4423dc97c2aa86458f633e",
        "src": "server.js",
        "type": "node.js",
      },
      "static": Array [
        "assets",
      ],
      "template": Object {
        "hashKey": "f9772db3612c9fdc7081fa499e2e29441ceb37d7",
        "src": "template.js",
        "type": "oc-template-react",
        "version": "",
      },
    },
    "packaged": true,
    "version": "1.0.0",
  },
  "version": "1.0.0",
}
`;

exports[`Should normalise stringified static folder 2`] = `
Array [
  Object {
    "path": "../../../mocks/react-component/_compile-tests-package3/assets/img/test.png",
    "source": "img-binary",
  },
  Object {
    "path": "../../../mocks/react-component/_compile-tests-package3/assets/js/lib.js",
    "source": "const text = \\"Hello World\\";
const say = something => console.log(something);
say(text);
",
  },
  Object {
    "path": "../../../mocks/react-component/_compile-tests-package3/package.json",
    "source": "{\\"name\\":\\"react-component\\",\\"version\\":\\"1.0.0\\",\\"oc\\":{\\"files\\":{\\"static\\":[\\"assets\\"],\\"template\\":{\\"type\\":\\"oc-template-react\\",\\"hashKey\\":\\"f9772db3612c9fdc7081fa499e2e29441ceb37d7\\",\\"src\\":\\"template.js\\",\\"version\\":\\"6.6.6\\"},\\"dataProvider\\":{\\"type\\":\\"node.js\\",\\"hashKey\\":\\"598f340daebfe2105a4423dc97c2aa86458f633e\\",\\"src\\":\\"server.js\\"}},\\"version\\":\\"1.0.0\\",\\"packaged\\":true,},\\"devDependencies\\":{\\"oc-template-react-compiler\\":\\"*\\"}}
",
  },
  Object {
    "path": "../../../mocks/react-component/_compile-tests-package3/react-component.js",
    "source": "var oc=oc||{};oc.reactComponents=oc.reactComponents||{};oc.reactComponents['117f29b697bc046773fba23e1334e361498fb70c']=oc.reactComponents['117f29b697bc046773fba23e1334e361498fb70c']||(function(){var module = (function(a){function b(d){if(c[d])return c[d].exports;var e=c[d]={i:d,l:!1,exports:{}};return a[d].call(e.exports,e,e.exports,b),e.l=!0,e.exports}var c={};return b.m=a,b.c=c,b.d=function(a,c,d){b.o(a,c)||Object.defineProperty(a,c,{configurable:!1,enumerable:!0,get:d})},b.n=function(a){var c=a&&a.__esModule?function(){return a['default']}:function(){return a};return b.d(c,'a',c),c},b.o=function(a,b){return Object.prototype.hasOwnProperty.call(a,b)},b.p='',b(b.s=0)})([function(a,b,c){'use strict';Object.defineProperty(b,'__esModule',{value:!0});var d=c(1),e=function(a){return a&&a.__esModule?a:{default:a}}(d);b.default=function(){return e.default.createElement('div',null,'Hello')}},function(a){a.exports=React}]);; return module.default}())",
  },
  Object {
    "path": "../../../mocks/react-component/_compile-tests-package3/server.js",
    "source": "module.exports=function(a){function b(d){if(c[d])return c[d].exports;var e=c[d]={i:d,l:!1,exports:{}};return a[d].call(e.exports,e,e.exports,b),e.l=!0,e.exports}var c={};return b.m=a,b.c=c,b.d=function(a,c,d){b.o(a,c)||Object.defineProperty(a,c,{configurable:!1,enumerable:!0,get:d})},b.n=function(a){var c=a&&a.__esModule?function(){return a['default']}:function(){return a};return b.d(c,'a',c),c},b.o=function(a,b){return Object.prototype.hasOwnProperty.call(a,b)},b.p='',b(b.s=0)}([function(a,b,c){'use strict';Object.defineProperty(b,'__esModule',{value:!0});var d=c(1);b.data=(a,b)=>{Object(d.a)(a,(c,d)=>{if(c)return b(c);const e=Object.assign({},d,{staticPath:a.staticPath,baseUrl:a.baseUrl}),f=a.env&&'local'===a.env.name?a.staticPath:'https:'+a.staticPath;return b(null,Object.assign({},{reactComponent:{key:'117f29b697bc046773fba23e1334e361498fb70c',src:f+'react-component.js',props:e}}))})}},function(a,b){'use strict';b.a=(a,b)=>{const c=a.params.name;return b(null,{name:c})}}]);",
  },
  Object {
    "path": "../../../mocks/react-component/_compile-tests-package3/template.js",
    "source": "var oc=oc||{};oc.components=oc.components||{};oc.components['f9772db3612c9fdc7081fa499e2e29441ceb37d7']=function(model){ return \`<div id=\\"666\\">\${ model.__html ? model.__html : '' }</div> <style>null</style> <script> oc.require( ['oc', 'reactComponents', '117f29b697bc046773fba23e1334e361498fb70c'], '\${model.reactComponent.props.staticPath}react-component.js', function(ReactComponent){ var targetNode = document.getElementById(\\"666\\"); targetNode.setAttribute(\\"id\\",\\"\\"); ReactDOM.render(React.createElement(ReactComponent, \${JSON.stringify(model.reactComponent.props)}),targetNode); } ); </script> \`; }",
  },
]
`;

exports[`Should normalise stringified static folder 3`] = `
Object {
  "devDependencies": Object {
    "oc-template-react-compiler": "*",
  },
  "name": "react-component-with-css",
  "oc": Object {
    "date": "",
    "files": Object {
      "dataProvider": Object {
        "hashKey": "cc8255ce0be627dbb5f891b58dc8769d7521ab82",
        "src": "server.js",
        "type": "node.js",
      },
      "static": Array [
        "assets",
      ],
      "template": Object {
        "hashKey": "4f7e4d4e2c2a943369a6e699066aa111c11096c3",
        "src": "template.js",
        "type": "oc-template-react",
        "version": "",
      },
    },
    "packaged": true,
    "version": "1.0.0",
  },
  "version": "1.0.0",
}
`;

exports[`Should normalise stringified static folder 4`] = `
Array [
  Object {
    "path": "../../../mocks/react-component-with-css/_compile-tests-package3/assets/img/test.png",
    "source": "img-binary",
  },
  Object {
    "path": "../../../mocks/react-component-with-css/_compile-tests-package3/assets/js/lib.js",
    "source": "const text = \\"Hello World\\";
const say = something => console.log(something);
say(text);
",
  },
  Object {
    "path": "../../../mocks/react-component-with-css/_compile-tests-package3/package.json",
    "source": "{\\"name\\":\\"react-component-with-css\\",\\"version\\":\\"1.0.0\\",\\"oc\\":{\\"files\\":{\\"static\\":[\\"assets\\"],\\"template\\":{\\"type\\":\\"oc-template-react\\",\\"hashKey\\":\\"4f7e4d4e2c2a943369a6e699066aa111c11096c3\\",\\"src\\":\\"template.js\\",\\"version\\":\\"6.6.6\\"},\\"dataProvider\\":{\\"type\\":\\"node.js\\",\\"hashKey\\":\\"cc8255ce0be627dbb5f891b58dc8769d7521ab82\\",\\"src\\":\\"server.js\\"}},\\"version\\":\\"1.0.0\\",\\"packaged\\":true,},\\"devDependencies\\":{\\"oc-template-react-compiler\\":\\"*\\"}}
",
  },
  Object {
    "path": "../../../mocks/react-component-with-css/_compile-tests-package3/react-component.js",
    "source": "var oc=oc||{};oc.reactComponents=oc.reactComponents||{};oc.reactComponents['071477b56e5971c97fd6b8e005f2427daf452401']=oc.reactComponents['071477b56e5971c97fd6b8e005f2427daf452401']||(function(){var module = (function(a){function b(d){if(c[d])return c[d].exports;var e=c[d]={i:d,l:!1,exports:{}};return a[d].call(e.exports,e,e.exports,b),e.l=!0,e.exports}var c={};return b.m=a,b.c=c,b.d=function(a,c,d){b.o(a,c)||Object.defineProperty(a,c,{configurable:!1,enumerable:!0,get:d})},b.n=function(a){var c=a&&a.__esModule?function(){return a['default']}:function(){return a};return b.d(c,'a',c),c},b.o=function(a,b){return Object.prototype.hasOwnProperty.call(a,b)},b.p='',b(b.s=0)})([function(a,b,c){'use strict';function d(a){return a&&a.__esModule?a:{default:a}}Object.defineProperty(b,'__esModule',{value:!0});var e=c(1),f=d(e),g=c(2),h=d(g);b.default=function(){return f.default.createElement('div',{className:h.default.awesome},'Hello')}},function(a){a.exports=React},function(a){a.exports={awesome:'awesome__2lltUggH'}}]);; return module.default}())",
  },
  Object {
    "path": "../../../mocks/react-component-with-css/_compile-tests-package3/server.js",
    "source": "module.exports=function(a){function b(d){if(c[d])return c[d].exports;var e=c[d]={i:d,l:!1,exports:{}};return a[d].call(e.exports,e,e.exports,b),e.l=!0,e.exports}var c={};return b.m=a,b.c=c,b.d=function(a,c,d){b.o(a,c)||Object.defineProperty(a,c,{configurable:!1,enumerable:!0,get:d})},b.n=function(a){var c=a&&a.__esModule?function(){return a['default']}:function(){return a};return b.d(c,'a',c),c},b.o=function(a,b){return Object.prototype.hasOwnProperty.call(a,b)},b.p='',b(b.s=0)}([function(a,b,c){'use strict';Object.defineProperty(b,'__esModule',{value:!0});var d=c(1);b.data=(a,b)=>{Object(d.a)(a,(c,d)=>{if(c)return b(c);const e=Object.assign({},d,{staticPath:a.staticPath,baseUrl:a.baseUrl}),f=a.env&&'local'===a.env.name?a.staticPath:'https:'+a.staticPath;return b(null,Object.assign({},{reactComponent:{key:'071477b56e5971c97fd6b8e005f2427daf452401',src:f+'react-component.js',props:e}}))})}},function(a,b){'use strict';b.a=(a,b)=>{const c=a.params.name;return b(null,{name:c})}}]);",
  },
  Object {
    "path": "../../../mocks/react-component-with-css/_compile-tests-package3/styles.css",
    "source": ".awesome__2lltUggH{background:#db7093}",
  },
  Object {
    "path": "../../../mocks/react-component-with-css/_compile-tests-package3/template.js",
    "source": "var oc=oc||{};oc.components=oc.components||{};oc.components['4f7e4d4e2c2a943369a6e699066aa111c11096c3']=function(model){ return \`<div id=\\"666\\">\${ model.__html ? model.__html : '' }</div> <style>.awesome__2lltUggH{background:#db7093}</style> <script> oc.require( ['oc', 'reactComponents', '071477b56e5971c97fd6b8e005f2427daf452401'], '\${model.reactComponent.props.staticPath}react-component.js', function(ReactComponent){ var targetNode = document.getElementById(\\"666\\"); targetNode.setAttribute(\\"id\\",\\"\\"); ReactDOM.render(React.createElement(ReactComponent, \${JSON.stringify(model.reactComponent.props)}),targetNode); } ); </script> \`; }",
  },
]
`;

exports[`When files writing fails should return an error 1`] = `"app.js compilation failed - sorry I failed"`;
