// Jest Snapshot v1, https://goo.gl/fbAQLP

exports[`should return the correct info 1`] = `
Object {
  "externals": Array [
    Object {
      "global": "React",
      "url": "https://cdnjs.cloudflare.com/ajax/libs/react/15.6.1/react.min.js",
    },
    Object {
      "global": "ReactDOM",
      "url": "https://cdnjs.cloudflare.com/ajax/libs/react/15.6.1/react-dom.min.js",
    },
  ],
  "type": "oc-template-react",
}
`;
