// Jest Snapshot v1, https://goo.gl/fbAQLP

exports[`Registry should correctly serve rendered and unrendered components 1`] = `"{\\"type\\":\\"oc-component-local\\",\\"version\\":\\"6.6.6\\",\\"requestVersion\\":\\"\\",\\"name\\":\\"react-app\\",\\"renderMode\\":\\"unrendered\\",\\"href\\":\\"http://localhost:3000/react-app?name=SuperMario\\",\\"data\\":{\\"reactComponent\\":{\\"key\\":\\"b30d0abb0a6a6b3fd055350b2a2eb5163e5c4e42\\",\\"src\\":\\"http://localhost:3000/react-app/6.6.6/static/react-component.js\\",\\"props\\":{\\"name\\":\\"SuperMario\\",\\"_staticPath\\":\\"http://localhost:3000/react-app/6.6.6/static/\\",\\"_baseUrl\\":\\"http://localhost:3000/\\",\\"_componentName\\":\\"react-app\\",\\"_componentVersion\\":\\"6.6.6\\"}}},\\"template\\":{\\"src\\":\\"http://localhost:3000/react-app/6.6.6/static/template.js\\",\\"type\\":\\"oc-template-react\\",\\"key\\":\\"2c7d7bb61a5c25b37551e5b5d5b3baa1c9c8c44a\\"}}"`;

exports[`Registry should correctly serve rendered and unrendered components 2`] = `"{\\"type\\":\\"oc-component-local\\",\\"version\\":\\"6.6.6\\",\\"requestVersion\\":\\"\\",\\"name\\":\\"react-app\\",\\"renderMode\\":\\"rendered\\",\\"href\\":\\"http://localhost:3000/react-app?name=SuperMario\\",\\"html\\":\\"<oc-component href=\\\\\\"http://localhost:3000/react-app?name=SuperMario\\\\\\" data-hash=\\\\\\"2c7d7bb61a5c25b37551e5b5d5b3baa1c9c8c44a\\\\\\" data-name=\\\\\\"react-app\\\\\\" data-rendered=\\\\\\"true\\\\\\" data-version=\\\\\\"6.6.6\\\\\\"><div id=\\\\\\"oc-reactRoot-react-app\\\\\\" class=\\\\\\"oc-reactRoot-react-app\\\\\\" ><div class=\\\\\\"special__2pFwCnJl\\\\\\" data-reactroot=\\\\\\"\\\\\\"><h1>Hello <!-- -->SuperMario</h1><pre>function (b,c){return window.oc.getData({name:a.props._componentName,version:a.props._componentVersion,baseUrl:a.props._baseUrl,parameters:b},c)}</pre><p>component name: <!-- -->react-app</p><p>component version: <!-- -->6.6.6</p><p>registry baseUrl: <!-- -->http://localhost:3000/</p><p>component staticPath: <!-- -->http://localhost:3000/react-app/6.6.6/static/</p></div></div> <style>.special__2pFwCnJl{background:#db7093;color:#fff}</style> <script> window.oc = window.oc || {}; oc.cmd = oc.cmd || []; oc.cmd.push(function(oc){ oc.requireSeries([{\\\\\\"global\\\\\\":\\\\\\"PropTypes\\\\\\",\\\\\\"url\\\\\\":\\\\\\"https://unpkg.com/prop-types@6.6.6/prop-types.min.js\\\\\\",\\\\\\"name\\\\\\":\\\\\\"prop-types\\\\\\"},{\\\\\\"global\\\\\\":\\\\\\"React\\\\\\",\\\\\\"url\\\\\\":\\\\\\"https://unpkg.com/react@6.6.6/umd/react.production.min.js\\\\\\",\\\\\\"name\\\\\\":\\\\\\"react\\\\\\"},{\\\\\\"global\\\\\\":\\\\\\"ReactDOM\\\\\\",\\\\\\"url\\\\\\":\\\\\\"https://unpkg.com/react-dom@6.6.6/umd/react-dom.production.min.js\\\\\\",\\\\\\"name\\\\\\":\\\\\\"react-dom\\\\\\"}], function(){ oc.require( ['oc', 'reactComponents', 'b30d0abb0a6a6b3fd055350b2a2eb5163e5c4e42'], 'http://localhost:3000/react-app/6.6.6/static/react-component.js', function(ReactComponent){ var targetNode = document.getElementById(\\\\\\"oc-reactRoot-react-app\\\\\\"); targetNode.setAttribute(\\\\\\"id\\\\\\",\\\\\\"\\\\\\"); ReactDOM.render(React.createElement(ReactComponent, {\\\\\\"name\\\\\\":\\\\\\"SuperMario\\\\\\",\\\\\\"_staticPath\\\\\\":\\\\\\"http://localhost:3000/react-app/6.6.6/static/\\\\\\",\\\\\\"_baseUrl\\\\\\":\\\\\\"http://localhost:3000/\\\\\\",\\\\\\"_componentName\\\\\\":\\\\\\"react-app\\\\\\",\\\\\\"_componentVersion\\\\\\":\\\\\\"6.6.6\\\\\\"}),targetNode); } ); }); }); </script> <script>window.oc=window.oc||{};oc.renderedComponents=oc.renderedComponents||{};oc.renderedComponents[\\\\\\"react-app\\\\\\"]=\\\\\\"6.6.6\\\\\\";</script></oc-component>\\"}"`;

exports[`server-side-side rendering 1`] = `
"<!DOCTYPE html><html><head>
            <title>A page</title>
          </head>
          <body>
          <oc-component href=\\"http://localhost:3000/react-app?name=SuperMario\\" data-hash=\\"2c7d7bb61a5c25b37551e5b5d5b3baa1c9c8c44a\\" data-name=\\"react-app\\" data-rendered=\\"true\\" data-version=\\"6.6.6\\"><div id=\\"oc-reactRoot-react-app\\" class=\\"oc-reactRoot-react-app\\"><div class=\\"special__2pFwCnJl\\" data-reactroot=\\"\\"><h1>Hello <!-- -->SuperMario</h1><pre>function (b,c){return window.oc.getData({name:a.props._componentName,version:a.props._componentVersion,baseUrl:a.props._baseUrl,parameters:b},c)}</pre><p>component name: <!-- -->react-app</p><p>component version: <!-- -->6.6.6</p><p>registry baseUrl: <!-- -->http://localhost:3000/</p><p>component staticPath: <!-- -->http://localhost:3000/react-app/6.6.6/static/</p></div></div> <style>.special__2pFwCnJl{background:#db7093;color:#fff}</style> <script> window.oc = window.oc || {}; oc.cmd = oc.cmd || []; oc.cmd.push(function(oc){ oc.requireSeries([{\\"global\\":\\"PropTypes\\",\\"url\\":\\"https://unpkg.com/prop-types@6.6.6/prop-types.min.js\\",\\"name\\":\\"prop-types\\"},{\\"global\\":\\"React\\",\\"url\\":\\"https://unpkg.com/react@6.6.6/umd/react.production.min.js\\",\\"name\\":\\"react\\"},{\\"global\\":\\"ReactDOM\\",\\"url\\":\\"https://unpkg.com/react-dom@6.6.6/umd/react-dom.production.min.js\\",\\"name\\":\\"react-dom\\"}], function(){ oc.require( ['oc', 'reactComponents', 'b30d0abb0a6a6b3fd055350b2a2eb5163e5c4e42'], 'http://localhost:3000/react-app/6.6.6/static/react-component.js', function(ReactComponent){ var targetNode = document.getElementById(\\"oc-reactRoot-react-app\\"); targetNode.setAttribute(\\"id\\",\\"\\"); ReactDOM.render(React.createElement(ReactComponent, {\\"name\\":\\"SuperMario\\",\\"_staticPath\\":\\"http://localhost:3000/react-app/6.6.6/static/\\",\\"_baseUrl\\":\\"http://localhost:3000/\\",\\"_componentName\\":\\"react-app\\",\\"_componentVersion\\":\\"6.6.6\\"}),targetNode); } ); }); }); </script> <script>window.oc=window.oc||{};oc.renderedComponents=oc.renderedComponents||{};oc.renderedComponents[\\"react-app\\"]=\\"6.6.6\\";</script></oc-component>
          <script>window.oc = window.oc || {};
oc.conf = oc.conf || {};
oc.conf.templates = oc.conf.templates || [];
oc.conf.templates = oc.conf.templates.concat([{\\"type\\":\\"oc-template-jade\\",\\"version\\":\\"6.6.6\\",\\"externals\\":[{\\"global\\":\\"jade\\",\\"url\\":\\"https://unpkg.com/jade-legacy@6.6.6/runtime.js\\",\\"name\\":\\"jade\\"}]},{\\"type\\":\\"oc-template-handlebars\\",\\"version\\":\\"6.6.6\\",\\"externals\\":[{\\"global\\":\\"Handlebars\\",\\"url\\":\\"https://unpkg.com/handlebars@6.6.6/dist/handlebars.runtime.min.js\\",\\"name\\":\\"handlebars\\"}]},{\\"type\\":\\"oc-template-react\\",\\"version\\":\\"6.6.6\\",\\"externals\\":[{\\"global\\":\\"PropTypes\\",\\"url\\":\\"https://unpkg.com/prop-types@6.6.6/prop-types.min.js\\",\\"name\\":\\"prop-types\\"},{\\"global\\":\\"React\\",\\"url\\":\\"https://unpkg.com/react@6.6.6/umd/react.production.min.js\\",\\"name\\":\\"react\\"},{\\"global\\":\\"ReactDOM\\",\\"url\\":\\"https://unpkg.com/react-dom@6.6.6/umd/react-dom.production.min.js\\",\\"name\\":\\"react-dom\\"}]}]);</script><script src=\\"http://localhost:3000/oc-client/6.6.6/static/src/oc-client.min.js\\" type=\\"text/javascript\\"></script><script>window.oc=window.oc||{};oc.renderedComponents=oc.renderedComponents||{};oc.renderedComponents[\\"oc-client\\"]=\\"6.6.6\\";</script>
          
        
      </body></html>"
`;
