// Jest Snapshot v1, https://goo.gl/fbAQLP

exports[`When files writing fails should return an error 1`] = `"app.tsx compilation failed - sorry I failed"`;
