// Jest Snapshot v1, https://goo.gl/fbAQLP

exports[`valid component 1`] = `
Object {
  "bundle": Object {
    "hashKey": "dummyData",
  },
  "template": Object {
    "hashKey": "dummyData",
    "src": "template.js",
    "type": "oc-template-typescript-react",
  },
}
`;

exports[`valid component 2`] = `"var oc=oc||{};oc.components=oc.components||{};oc.components['dummyData']=function(model){ var modelHTML = model.__html ? model.__html : ''; var staticPath = model.reactComponent.props._staticPath; var props = JSON.stringify(model.reactComponent.props); return '<div id=\\"oc-reactRoot-react-component\\" class=\\"oc-reactRoot-react-component\\">' + modelHTML + '</div>' + '' + '<script>' + 'window.oc = window.oc || {};' + 'oc.cmd = oc.cmd || [];' + 'oc.cmd.push(function(oc){' + '' + 'oc.requireSeries([{\\"global\\":[\\"Object\\",\\"assign\\"],\\"url\\":\\"https://unpkg.com/es6-object-assign@1.1.0/dist/object-assign-auto.min.js\\",\\"name\\":\\"Object.assign\\"},{\\"global\\":\\"React\\",\\"url\\":\\"https://unpkg.com/react@16.9.0/umd/react.production.min.js\\",\\"name\\":\\"react\\"},{\\"global\\":\\"ReactDOM\\",\\"url\\":\\"https://unpkg.com/react-dom@16.9.0/umd/react-dom.production.min.js\\",\\"name\\":\\"react-dom\\"}], function(){' + 'oc.require(' + '[\\"oc\\", \\"reactComponents\\", \\"dummyContent\\"],' + '\\"' + staticPath + 'react-component.js\\",' + 'function(ReactComponent){' + 'var targetNode = document.getElementById(\\"oc-reactRoot-react-component\\");' + 'targetNode.setAttribute(\\"id\\",\\"\\");' + 'ReactDOM.render(React.createElement(ReactComponent,' + props + '),targetNode);' + '}' + ');' + '});' + '});' + '</script>' }"`;
