// Jest Snapshot v1, https://goo.gl/fbAQLP

exports[`Should correctly compile the server 1`] = `
Object {
  "hashKey": "dummyData",
  "src": "server.js",
  "type": "node.js",
}
`;

exports[`Should correctly compile the server 2`] = `"module.exports=function(t){var e={};function n(r){if(e[r])return e[r].exports;var o=e[r]={i:r,l:!1,exports:{}};return t[r].call(o.exports,o,o.exports,n),o.l=!0,o.exports}return n.m=t,n.c=e,n.d=function(t,e,r){n.o(t,e)||Object.defineProperty(t,e,{enumerable:!0,get:r})},n.r=function(t){\\"undefined\\"!==typeof Symbol&&Symbol.toStringTag&&Object.defineProperty(t,Symbol.toStringTag,{value:\\"Module\\"}),Object.defineProperty(t,\\"__esModule\\",{value:!0})},n.t=function(t,e){if(1&e&&(t=n(t)),8&e)return t;if(4&e&&\\"object\\"===typeof t&&t&&t.__esModule)return t;var r=Object.create(null);if(n.r(r),Object.defineProperty(r,\\"default\\",{enumerable:!0,value:t}),2&e&&\\"string\\"!=typeof t)for(var o in t)n.d(r,o,function(e){return t[e]}.bind(null,o));return r},n.n=function(t){var e=t&&t.__esModule?function(){return t.default}:function(){return t};return n.d(e,\\"a\\",e),e},n.o=function(t,e){return Object.prototype.hasOwnProperty.call(t,e)},n.p=\\"\\",n(n.s=0)}([function(t,e,n){\\"use strict\\";n.r(e),n.d(e,\\"data\\",(function(){return r}));const r=(t,e)=>{((t,e)=>{const{name:n}=t.params;e(null,{name:n})})(t,((n,r)=>{if(n)return e(n);const o=Object.assign({},r,{_staticPath:t.staticPath,_baseUrl:t.baseUrl,_componentName:\\"react-component\\",_componentVersion:\\"1.0.0\\"}),u=0===t.staticPath.indexOf(\\"http\\")?t.staticPath:\\"https:\\"+t.staticPath;return e(null,Object.assign({},{reactComponent:{key:\\"666\\",src:u+\\"react-component.js\\",props:o}}))}))}}]);"`;
